[Tue Aug  4 09:23:04 2026] PHP 8.3.33 Development Server (http://localhost:8000) started
[Tue Aug  4 09:59:35 2026] [::1]:62344 Accepted
[Tue Aug  4 09:59:35 2026] [::1]:62344 [200]: GET /
[Tue Aug  4 09:59:35 2026] [::1]:62344 Closing
[Tue Aug  4 09:59:35 2026] [::1]:53604 Accepted
[Tue Aug  4 09:59:35 2026] [::1]:53604 [200]: GET /css/app.css
[Tue Aug  4 09:59:35 2026] [::1]:59510 Accepted
[Tue Aug  4 09:59:35 2026] [::1]:59510 [200]: GET /js/app.js
[Tue Aug  4 09:59:35 2026] [::1]:53604 Closing
[Tue Aug  4 09:59:35 2026] [::1]:59510 Closing
[Tue Aug  4 09:59:36 2026] [::1]:65248 Accepted
[Tue Aug  4 09:59:36 2026] [::1]:65248 [200]: GET /kamu.png
[Tue Aug  4 09:59:36 2026] [::1]:65248 Closing
[Tue Aug  4 10:02:43 2026] [::1]:57378 Accepted
[Tue Aug  4 10:02:43 2026] [::1]:57378 [200]: GET /
[Tue Aug  4 10:02:43 2026] [::1]:57378 Closing
[Tue Aug  4 10:03:00 2026] [::1]:57380 Accepted
[Tue Aug  4 10:03:01 2026] [::1]:57380 [200]: GET /api/v2/config
[Tue Aug  4 10:03:01 2026] [::1]:57380 Closing
[Tue Aug  4 10:03:05 2026] [::1]:57382 Accepted
[Tue Aug  4 10:03:06 2026] [::1]:57382 [200]: POST /api/session
[Tue Aug  4 10:03:06 2026] [::1]:57382 Closing
[Tue Aug  4 10:03:59 2026] [::1]:57383 Accepted
[Tue Aug  4 10:04:00 2026] [::1]:57383 [200]: POST /api/session
[Tue Aug  4 10:04:00 2026] [::1]:57383 Closing
[Tue Aug  4 10:04:00 2026] [::1]:57384 Accepted
[Tue Aug  4 10:04:00 2026] [::1]:57384 [200]: PUT /api/key
[Tue Aug  4 10:04:00 2026] [::1]:57384 Closing
[Tue Aug  4 10:04:00 2026] [::1]:57385 Accepted
[Tue Aug  4 10:04:00 2026] [::1]:57385 [200]: GET /api/user
[Tue Aug  4 10:04:00 2026] [::1]:57385 Closing
[Tue Aug  4 10:04:00 2026] [::1]:57386 Accepted
[Tue Aug  4 10:04:00 2026] [::1]:57386 [200]: PATCH /api/user
[Tue Aug  4 10:04:00 2026] [::1]:57386 Closing
[Tue Aug  4 10:04:00 2026] [::1]:57387 Accepted
[Tue Aug  4 10:04:00 2026] [::1]:57387 [200]: GET /api/user
[Tue Aug  4 10:04:00 2026] [::1]:57387 Closing
[Tue Aug  4 10:04:17 2026] [::1]:57388 Accepted
[Tue Aug  4 10:04:17 2026] [::1]:57388 [200]: GET /api/v2/config
[Tue Aug  4 10:04:17 2026] [::1]:57388 Closing
[Tue Aug  4 10:06:59 2026] [::1]:61271 Accepted
[Tue Aug  4 10:06:59 2026] [::1]:61271 [200]: GET /api/v2/config
[Tue Aug  4 10:06:59 2026] [::1]:61271 Closing
[Tue Aug  4 10:07:36 2026] [::1]:62142 Accepted
[Tue Aug  4 10:07:37 2026] [::1]:62142 [404]: POST /api/comment?lang=id
[Tue Aug  4 10:07:37 2026] [::1]:62142 Closing
[Tue Aug  4 10:08:42 2026] [::1]:55913 Accepted
[Tue Aug  4 10:08:42 2026] [::1]:55913 [400]: POST /api/comment?lang=id
[Tue Aug  4 10:08:42 2026] [::1]:55913 Closing
[Tue Aug  4 10:09:55 2026] [::1]:61506 Accepted
[Tue Aug  4 10:09:56 2026] [::1]:61506 [404]: POST /api/comment?lang=id
[Tue Aug  4 10:09:56 2026] [::1]:61506 Closing
[Tue Aug  4 10:10:07 2026] [::1]:61507 Accepted
[Tue Aug  4 10:10:07 2026] [::1]:61507 [400]: POST /api/comment?lang=id
[Tue Aug  4 10:10:07 2026] [::1]:61507 Closing
[Tue Aug  4 10:10:12 2026] [::1]:61512 Accepted
[Tue Aug  4 10:10:12 2026] [::1]:61512 [200]: GET /api/v2/comment?per=5&lang=id
[Tue Aug  4 10:10:12 2026] [::1]:61512 Closing
[Tue Aug  4 10:10:12 2026] [::1]:61513 Accepted
[Tue Aug  4 10:10:12 2026] [::1]:61513 [404]: POST /api/comment/705ef2ab-4465-45ce-ba4c-6f792759eeb4
[Tue Aug  4 10:10:12 2026] [::1]:61513 Closing
[Tue Aug  4 10:10:12 2026] [::1]:61514 Accepted
[Tue Aug  4 10:10:12 2026] [::1]:61514 [404]: GET /api/stats
[Tue Aug  4 10:10:12 2026] [::1]:61514 Closing
[Tue Aug  4 10:10:30 2026] [::1]:61515 Accepted
[Tue Aug  4 10:10:33 2026] [::1]:61515 [400]: POST /api/comment?lang=id
[Tue Aug  4 10:10:33 2026] [::1]:61515 Closing
[Tue Aug  4 10:10:45 2026] [::1]:61516 Accepted
[Tue Aug  4 10:10:45 2026] [::1]:61516 [404]: POST /api/comment?lang=id
[Tue Aug  4 10:10:45 2026] [::1]:61516 Closing
[Tue Aug  4 10:10:46 2026] [::1]:61517 Accepted
[Tue Aug  4 10:10:46 2026] [::1]:61517 [200]: GET /api/v2/comment?per=5&lang=id
[Tue Aug  4 10:10:46 2026] [::1]:61517 Closing
[Tue Aug  4 10:10:55 2026] [::1]:61518 Accepted
[Tue Aug  4 10:10:55 2026] [::1]:61518 [201]: POST /api/comment?lang=id
[Tue Aug  4 10:10:55 2026] [::1]:61518 Closing
[Tue Aug  4 10:11:01 2026] [::1]:61519 Accepted
[Tue Aug  4 10:11:01 2026] [::1]:61519 [200]: GET /api/v2/comment?per=5&lang=id
[Tue Aug  4 10:11:01 2026] [::1]:61519 Closing
[Tue Aug  4 10:11:01 2026] [::1]:61520 Accepted
[Tue Aug  4 10:11:01 2026] [::1]:61520 [201]: POST /api/comment/77d140a8-3730-4fa5-b3de-5b069ccdcfec
[Tue Aug  4 10:11:01 2026] [::1]:61520 Closing
[Tue Aug  4 10:11:01 2026] [::1]:61521 Accepted
[Tue Aug  4 10:11:01 2026] [::1]:61521 [200]: GET /api/v2/comment?per=5&lang=id
[Tue Aug  4 10:11:01 2026] [::1]:61521 Closing
[Tue Aug  4 10:11:08 2026] [::1]:61522 Accepted
[Tue Aug  4 10:11:09 2026] [::1]:61522 [200]: POST /api/session
[Tue Aug  4 10:11:09 2026] [::1]:61522 Closing
[Tue Aug  4 10:11:09 2026] [::1]:61523 Accepted
[Tue Aug  4 10:11:09 2026] [::1]:61523 [200]: GET /api/stats
[Tue Aug  4 10:11:09 2026] [::1]:61523 Closing
[Tue Aug  4 10:11:09 2026] [::1]:61524 Accepted
[Tue Aug  4 10:11:09 2026] [::1]:61524 [200]: DELETE /api/comment/d87cae36-398b-4e1f-9c97-5b49130e53de
[Tue Aug  4 10:11:09 2026] [::1]:61524 Closing
[Tue Aug  4 10:11:09 2026] [::1]:61525 Accepted
[Tue Aug  4 10:11:09 2026] [::1]:61525 [200]: GET /api/stats
[Tue Aug  4 10:11:09 2026] [::1]:61525 Closing
[Tue Aug  4 10:11:09 2026] [::1]:61526 Accepted
[Tue Aug  4 10:11:09 2026] [::1]:61526 [200]: GET /api/v2/comment?per=5&lang=id
[Tue Aug  4 10:11:09 2026] [::1]:61526 Closing
[Tue Aug  4 10:15:04 2026] [::1]:57442 Accepted
[Tue Aug  4 10:15:04 2026] [::1]:57442 [204]: OPTIONS /api/v2/config
[Tue Aug  4 10:15:04 2026] [::1]:57442 Closing
[Tue Aug  4 10:15:04 2026] [::1]:59355 Accepted
[Tue Aug  4 10:15:05 2026] [::1]:59355 [200]: GET /api/v2/config
[Tue Aug  4 10:15:05 2026] [::1]:59355 Closing
[Tue Aug  4 10:15:05 2026] [::1]:58101 Accepted
[Tue Aug  4 10:15:05 2026] [::1]:58101 [204]: OPTIONS /api/v2/comment?per=10&next=0&lang=en
[Tue Aug  4 10:15:05 2026] [::1]:58101 Closing
[Tue Aug  4 10:15:05 2026] [::1]:55365 Accepted
[Tue Aug  4 10:15:05 2026] [::1]:55365 [200]: GET /api/v2/comment?per=10&next=0&lang=en
[Tue Aug  4 10:15:05 2026] [::1]:55365 Closing
[Tue Aug  4 10:25:02 2026] [::1]:57258 Accepted
[Tue Aug  4 10:25:02 2026] [::1]:57258 [204]: OPTIONS /api/session
[Tue Aug  4 10:25:02 2026] [::1]:57258 Closing
[Tue Aug  4 10:25:02 2026] [::1]:62768 Accepted
[Tue Aug  4 10:25:03 2026] [::1]:62768 [400]: POST /api/session
[Tue Aug  4 10:25:03 2026] [::1]:62768 Closing
[Tue Aug  4 10:28:59 2026] [::1]:54112 Accepted
[Tue Aug  4 10:28:59 2026] [::1]:54112 [200]: GET /api/v2/config
[Tue Aug  4 10:28:59 2026] [::1]:54112 Closing
[Tue Aug  4 10:28:59 2026] [::1]:61312 Accepted
[Tue Aug  4 10:28:59 2026] [::1]:61312 [200]: GET /api/v2/comment?per=10&next=0&lang=en
[Tue Aug  4 10:28:59 2026] [::1]:61312 Closing
[Tue Aug  4 10:29:53 2026] [::1]:52644 Accepted
[Tue Aug  4 10:29:53 2026] [::1]:52644 [400]: GET /api/v2/comment?per=10&next=0&lang=en
[Tue Aug  4 10:29:53 2026] [::1]:52644 Closing
[Tue Aug  4 10:30:10 2026] [::1]:62684 Accepted
[Tue Aug  4 10:30:10 2026] [::1]:62684 [400]: GET /api/v2/comment?per=10&next=0&lang=en
[Tue Aug  4 10:30:10 2026] [::1]:62684 Closing
[Tue Aug  4 10:42:23 2026] [::1]:64027 Accepted
[Tue Aug  4 10:42:23 2026] [::1]:64027 [400]: GET /api/v2/comment?per=10&next=0&lang=en
[Tue Aug  4 10:42:23 2026] [::1]:64027 Closing
[Tue Aug  4 10:47:05 2026] [::1]:55864 Accepted
[Tue Aug  4 10:47:05 2026] [::1]:55864 [400]: POST /api/owner/register
[Tue Aug  4 10:47:05 2026] [::1]:55864 Closing
[Tue Aug  4 10:47:05 2026] [::1]:55865 Accepted
[Tue Aug  4 10:47:06 2026] [::1]:55865 [400]: POST /api/owner/register
[Tue Aug  4 10:47:06 2026] [::1]:55865 Closing
[Tue Aug  4 10:47:41 2026] [::1]:55866 Accepted
[Tue Aug  4 10:47:41 2026] [::1]:55866 [400]: POST /api/owner/register
[Tue Aug  4 10:47:41 2026] [::1]:55866 Closing
[Tue Aug  4 10:47:41 2026] [::1]:49408 Accepted
[Tue Aug  4 10:47:41 2026] [::1]:49408 [400]: POST /api/owner/register
[Tue Aug  4 10:47:41 2026] [::1]:49408 Closing
[Tue Aug  4 10:47:49 2026] [::1]:49409 Accepted
[Tue Aug  4 10:47:49 2026] [::1]:49409 [201]: POST /api/owner/register
[Tue Aug  4 10:47:49 2026] [::1]:49409 Closing
[Tue Aug  4 10:47:49 2026] [::1]:49410 Accepted
[Tue Aug  4 10:47:49 2026] [::1]:49410 [400]: POST /api/owner/register
[Tue Aug  4 10:47:49 2026] [::1]:49410 Closing
[Tue Aug  4 10:47:49 2026] [::1]:49411 Accepted
[2026-08-04T03:47:49.926+00:00] [0ade5ada-b0e9-45a6-b7ee-2920bd553aa6] (47.71) C:\laragon\www\undangan-api\app\Controllers\Api\OwnerController.php::99 Call to undefined method stdClass::only()
[Tue Aug  4 10:47:49 2026] [::1]:49411 [500]: GET /api/owner/clients
[Tue Aug  4 10:47:49 2026] [::1]:49411 Closing
[Tue Aug  4 10:48:12 2026] [::1]:49412 Accepted
[Tue Aug  4 10:48:12 2026] [::1]:49412 [200]: GET /api/owner/clients
[Tue Aug  4 10:48:12 2026] [::1]:49412 Closing
[Tue Aug  4 10:48:12 2026] [::1]:49413 Accepted
[Tue Aug  4 10:48:12 2026] [::1]:49413 [200]: PATCH /api/owner/client/2
[Tue Aug  4 10:48:12 2026] [::1]:49413 Closing
[Tue Aug  4 10:48:12 2026] [::1]:49414 Accepted
[Tue Aug  4 10:48:12 2026] [::1]:49414 [200]: PATCH /api/owner/client/2
[Tue Aug  4 10:48:12 2026] [::1]:49414 Closing
[Tue Aug  4 10:48:12 2026] [::1]:49415 Accepted
[Tue Aug  4 10:48:12 2026] [::1]:49415 [404]: PATCH /api/owner/client/999
[Tue Aug  4 10:48:12 2026] [::1]:49415 Closing
[Tue Aug  4 10:52:34 2026] [::1]:50373 Accepted
[Tue Aug  4 10:52:34 2026] [::1]:50373 [200]: PATCH /api/owner/client/2
[Tue Aug  4 10:52:34 2026] [::1]:50373 Closing
[Tue Aug  4 10:59:27 2026] [::1]:64423 Accepted
[Tue Aug  4 10:59:27 2026] [::1]:64423 [200]: PATCH /api/owner/client/2
[Tue Aug  4 10:59:27 2026] [::1]:64423 Closing
[Tue Aug  4 11:00:27 2026] [::1]:64425 Accepted
[Tue Aug  4 11:00:27 2026] [::1]:64425 [200]: PATCH /api/owner/client/2
[Tue Aug  4 11:00:27 2026] [::1]:64425 Closing
[Tue Aug  4 11:00:37 2026] [::1]:64426 Accepted
[Tue Aug  4 11:00:38 2026] [::1]:64426 [404]: PATCH /api/owner/client/999
[Tue Aug  4 11:00:38 2026] [::1]:64426 Closing
[Tue Aug  4 11:03:41 2026] [::1]:64050 Accepted
[Tue Aug  4 11:03:41 2026] [::1]:64050 [200]: GET /api/owner/clients
[Tue Aug  4 11:03:41 2026] [::1]:64050 Closing
[Tue Aug  4 11:03:42 2026] [::1]:64051 Accepted
[Tue Aug  4 11:03:42 2026] [::1]:64051 [200]: PATCH /api/owner/client/2
[Tue Aug  4 11:03:42 2026] [::1]:64051 Closing
[Tue Aug  4 11:16:44 2026] [::1]:55301 Accepted
[Tue Aug  4 11:16:44 2026] [::1]:55301 [204]: OPTIONS /api/v2/config
[Tue Aug  4 11:16:44 2026] [::1]:55301 Closing
[Tue Aug  4 11:16:45 2026] [::1]:55315 Accepted
[Tue Aug  4 11:16:45 2026] [::1]:55315 [400]: GET /api/v2/config
[Tue Aug  4 11:16:45 2026] [::1]:55315 Closing
[Tue Aug  4 11:20:05 2026] [::1]:54096 Accepted
[Tue Aug  4 11:20:05 2026] [::1]:54096 [200]: GET /api/owner/clients
[Tue Aug  4 11:20:05 2026] [::1]:54096 Closing
[Tue Aug  4 11:20:20 2026] [::1]:58991 Accepted
[Tue Aug  4 11:20:20 2026] [::1]:58991 [200]: PATCH /api/owner/client/2
[Tue Aug  4 11:20:20 2026] [::1]:58991 Closing
[Tue Aug  4 11:20:32 2026] [::1]:58992 Accepted
[Tue Aug  4 11:20:33 2026] [::1]:58992 [400]: PATCH /api/owner/client/2
[Tue Aug  4 11:20:33 2026] [::1]:58992 Closing
[Tue Aug  4 11:21:32 2026] [::1]:58993 Accepted
[Tue Aug  4 11:21:32 2026] [::1]:58993 [200]: DELETE /api/owner/client/2
[Tue Aug  4 11:21:32 2026] [::1]:58993 Closing
[Tue Aug  4 11:21:43 2026] [::1]:58994 Accepted
[Tue Aug  4 11:21:43 2026] [::1]:58994 [200]: GET /api/owner/clients
[Tue Aug  4 11:21:43 2026] [::1]:58994 Closing
[Tue Aug  4 11:22:30 2026] [::1]:58996 Accepted
[Tue Aug  4 11:22:30 2026] [::1]:58996 [404]: DELETE /api/owner/client/1
[Tue Aug  4 11:22:30 2026] [::1]:58996 Closing
[Tue Aug  4 11:27:18 2026] [::1]:63304 Accepted
[Tue Aug  4 11:27:19 2026] [::1]:63304 [201]: POST /api/owner/register
[Tue Aug  4 11:27:19 2026] [::1]:63304 Closing
[Tue Aug  4 11:27:35 2026] [::1]:63305 Accepted
[Tue Aug  4 11:27:35 2026] [::1]:63305 [200]: GET /api/owner/clients
[Tue Aug  4 11:27:35 2026] [::1]:63305 Closing
[Tue Aug  4 11:28:04 2026] [::1]:56073 Accepted
[Tue Aug  4 11:28:04 2026] [::1]:56073 [200]: PATCH /api/owner/client/3
[Tue Aug  4 11:28:04 2026] [::1]:56073 Closing
[Tue Aug  4 11:28:43 2026] [::1]:56074 Accepted
[Tue Aug  4 11:28:43 2026] [::1]:56074 [200]: DELETE /api/owner/client/3
[Tue Aug  4 11:28:43 2026] [::1]:56074 Closing
[Tue Aug  4 11:29:17 2026] [::1]:56076 Accepted
[Tue Aug  4 11:29:17 2026] [::1]:56076 [400]: DELETE /api/owner/client/1
[Tue Aug  4 11:29:17 2026] [::1]:56076 Closing
[Tue Aug  4 12:07:59 2026] [::1]:56937 Accepted
[Tue Aug  4 12:07:59 2026] [::1]:56937 [204]: OPTIONS /api/owner/clients
[Tue Aug  4 12:07:59 2026] [::1]:56937 Closing
[Tue Aug  4 12:07:59 2026] [::1]:59064 Accepted
[Tue Aug  4 12:07:59 2026] [::1]:59064 [400]: GET /api/owner/clients
[Tue Aug  4 12:07:59 2026] [::1]:59064 Closing
[Tue Aug  4 12:08:12 2026] [::1]:59265 Accepted
[Tue Aug  4 12:08:12 2026] [::1]:59265 [400]: GET /api/owner/clients
[Tue Aug  4 12:08:12 2026] [::1]:59265 Closing
[Tue Aug  4 12:11:03 2026] [::1]:51662 Accepted
[Tue Aug  4 12:11:03 2026] [::1]:51662 [200]: GET /api/owner/clients
[Tue Aug  4 12:11:03 2026] [::1]:51662 Closing
[Tue Aug  4 12:11:05 2026] [::1]:55038 Accepted
[Tue Aug  4 12:11:05 2026] [::1]:55038 [200]: GET /api/owner/clients
[Tue Aug  4 12:11:05 2026] [::1]:55038 Closing
[Tue Aug  4 12:11:18 2026] [::1]:59677 Accepted
[Tue Aug  4 12:11:18 2026] [::1]:59677 [204]: OPTIONS /api/owner/register
[Tue Aug  4 12:11:18 2026] [::1]:59677 Closing
[Tue Aug  4 12:11:18 2026] [::1]:55959 Accepted
[Tue Aug  4 12:11:19 2026] [::1]:55959 [201]: POST /api/owner/register
[Tue Aug  4 12:11:19 2026] [::1]:55959 Closing
[Tue Aug  4 12:11:19 2026] [::1]:62417 Accepted
[Tue Aug  4 12:11:19 2026] [::1]:62417 [200]: GET /api/owner/clients
[Tue Aug  4 12:11:19 2026] [::1]:62417 Closing
[Tue Aug  4 12:12:15 2026] [::1]:59896 Accepted
[Tue Aug  4 12:12:15 2026] [::1]:59896 [204]: OPTIONS /api/session
[Tue Aug  4 12:12:15 2026] [::1]:59896 Closing
[Tue Aug  4 12:12:15 2026] [::1]:61563 Accepted
[Tue Aug  4 12:12:16 2026] [::1]:61563 [200]: POST /api/session
[Tue Aug  4 12:12:16 2026] [::1]:61563 Closing
[Tue Aug  4 12:12:16 2026] [::1]:58676 Accepted
[Tue Aug  4 12:12:16 2026] [::1]:58676 [204]: OPTIONS /api/user
[Tue Aug  4 12:12:16 2026] [::1]:58676 Closing
[Tue Aug  4 12:12:16 2026] [::1]:65389 Accepted
[Tue Aug  4 12:12:16 2026] [::1]:65389 [200]: GET /api/user
[Tue Aug  4 12:12:16 2026] [::1]:65389 Closing
[Tue Aug  4 12:12:16 2026] [::1]:60087 Accepted
[Tue Aug  4 12:12:16 2026] [::1]:60087 [204]: OPTIONS /api/stats
[Tue Aug  4 12:12:16 2026] [::1]:60087 Closing
[Tue Aug  4 12:12:16 2026] [::1]:59224 Accepted
[Tue Aug  4 12:12:16 2026] [::1]:59224 [204]: OPTIONS /api/v2/comment?per=10&next=0&lang=en
[Tue Aug  4 12:12:16 2026] [::1]:59224 Closing
[Tue Aug  4 12:12:16 2026] [::1]:59379 Accepted
[Tue Aug  4 12:12:16 2026] [::1]:59379 [200]: GET /api/stats
[Tue Aug  4 12:12:16 2026] [::1]:59379 Closing
[Tue Aug  4 12:12:16 2026] [::1]:61083 Accepted
[Tue Aug  4 12:12:16 2026] [::1]:61083 [200]: GET /api/v2/comment?per=10&next=0&lang=en
[Tue Aug  4 12:12:16 2026] [::1]:61083 Closing
[Tue Aug  4 12:12:32 2026] [::1]:53814 Accepted
[Tue Aug  4 12:12:32 2026] [::1]:53814 [204]: OPTIONS /api/user
[Tue Aug  4 12:12:32 2026] [::1]:53814 Closing
[Tue Aug  4 12:12:32 2026] [::1]:61545 Accepted
[Tue Aug  4 12:12:32 2026] [::1]:61545 [200]: PATCH /api/user
[Tue Aug  4 12:12:32 2026] [::1]:61545 Closing
[Tue Aug  4 12:12:46 2026] [::1]:59689 Accepted
[Tue Aug  4 12:12:46 2026] [::1]:59689 [204]: OPTIONS /api/v2/config
[Tue Aug  4 12:12:46 2026] [::1]:59689 Closing
[Tue Aug  4 12:12:46 2026] [::1]:49292 Accepted
[Tue Aug  4 12:12:46 2026] [::1]:49292 [400]: GET /api/v2/config
[Tue Aug  4 12:12:46 2026] [::1]:49292 Closing
[Tue Aug  4 12:13:45 2026] [::1]:57430 Accepted
[Tue Aug  4 12:13:45 2026] [::1]:57430 [400]: GET /api/v2/config
[Tue Aug  4 12:13:45 2026] [::1]:57430 Closing
[Tue Aug  4 12:14:33 2026] [::1]:60556 Accepted
[Tue Aug  4 12:14:34 2026] [::1]:60556 [201]: POST /api/owner/register
[Tue Aug  4 12:14:34 2026] [::1]:60556 Closing
[Tue Aug  4 12:14:38 2026] [::1]:61057 Accepted
[Tue Aug  4 12:14:38 2026] [::1]:61057 [204]: OPTIONS /api/owner/client/4
[Tue Aug  4 12:14:38 2026] [::1]:61057 Closing
[Tue Aug  4 12:14:38 2026] [::1]:50608 Accepted
[Tue Aug  4 12:14:38 2026] [::1]:50608 [200]: DELETE /api/owner/client/4
[Tue Aug  4 12:14:38 2026] [::1]:50608 Closing
[Tue Aug  4 12:14:39 2026] [::1]:60267 Accepted
[Tue Aug  4 12:14:39 2026] [::1]:60267 [200]: GET /api/owner/clients
[Tue Aug  4 12:14:39 2026] [::1]:60267 Closing
[Tue Aug  4 12:15:15 2026] [::1]:52496 Accepted
[Tue Aug  4 12:15:15 2026] [::1]:52496 [200]: GET /api/v2/config
[Tue Aug  4 12:15:15 2026] [::1]:52496 Closing
[Tue Aug  4 12:15:15 2026] [::1]:63293 Accepted
[Tue Aug  4 12:15:16 2026] [::1]:63293 [200]: GET /api/v2/comment?per=10&next=0&lang=en
[Tue Aug  4 12:15:16 2026] [::1]:63293 Closing
[Tue Aug  4 12:15:27 2026] [::1]:56342 Accepted
[Tue Aug  4 12:15:27 2026] [::1]:56342 [200]: GET /api/owner/clients
[Tue Aug  4 12:15:27 2026] [::1]:56342 Closing
[Tue Aug  4 12:15:37 2026] [::1]:60305 Accepted
[Tue Aug  4 12:15:37 2026] [::1]:60305 [204]: OPTIONS /api/owner/client/5
[Tue Aug  4 12:15:37 2026] [::1]:60305 Closing
[Tue Aug  4 12:15:37 2026] [::1]:51680 Accepted
[Tue Aug  4 12:15:38 2026] [::1]:51680 [200]: PATCH /api/owner/client/5
[Tue Aug  4 12:15:38 2026] [::1]:51680 Closing
[Tue Aug  4 12:15:39 2026] [::1]:64872 Accepted
[Tue Aug  4 12:15:39 2026] [::1]:64872 [200]: GET /api/owner/clients
[Tue Aug  4 12:15:39 2026] [::1]:64872 Closing
[Tue Aug  4 12:16:15 2026] [::1]:57619 Accepted
[Tue Aug  4 12:16:15 2026] [::1]:57619 [200]: POST /api/session
[Tue Aug  4 12:16:15 2026] [::1]:57619 Closing
[Tue Aug  4 12:16:15 2026] [::1]:60055 Accepted
[Tue Aug  4 12:16:15 2026] [::1]:60055 [200]: GET /api/user
[Tue Aug  4 12:16:15 2026] [::1]:60055 Closing
[Tue Aug  4 12:16:15 2026] [::1]:65184 Accepted
[Tue Aug  4 12:16:15 2026] [::1]:51675 Accepted
[Tue Aug  4 12:16:15 2026] [::1]:65184 [200]: GET /api/stats
[Tue Aug  4 12:16:15 2026] [::1]:65184 Closing
[Tue Aug  4 12:16:15 2026] [::1]:51675 [200]: GET /api/v2/comment?per=10&next=0&lang=en
[Tue Aug  4 12:16:15 2026] [::1]:51675 Closing
[Tue Aug  4 12:16:32 2026] [::1]:53107 Accepted
[Tue Aug  4 12:16:32 2026] [::1]:53107 [204]: OPTIONS /api/comment?lang=en
[Tue Aug  4 12:16:32 2026] [::1]:53107 Closing
[Tue Aug  4 12:16:32 2026] [::1]:62002 Accepted
[Tue Aug  4 12:16:32 2026] [::1]:62002 [201]: POST /api/comment?lang=en
[Tue Aug  4 12:16:32 2026] [::1]:62002 Closing
[Tue Aug  4 12:16:39 2026] [::1]:50342 Accepted
[Tue Aug  4 12:16:39 2026] [::1]:50342 [200]: GET /api/user
[Tue Aug  4 12:16:39 2026] [::1]:50342 Closing
[Tue Aug  4 12:16:40 2026] [::1]:59997 Accepted
[Tue Aug  4 12:16:40 2026] [::1]:59997 [200]: GET /api/user
[Tue Aug  4 12:16:40 2026] [::1]:59997 Closing
[Tue Aug  4 12:16:41 2026] [::1]:50981 Accepted
[Tue Aug  4 12:16:41 2026] [::1]:50981 [200]: GET /api/user
[Tue Aug  4 12:16:41 2026] [::1]:50981 Closing
[Tue Aug  4 12:16:42 2026] [::1]:59762 Accepted
[Tue Aug  4 12:16:42 2026] [::1]:59762 [200]: GET /api/user
[Tue Aug  4 12:16:42 2026] [::1]:59762 Closing
[Tue Aug  4 12:16:42 2026] [::1]:62348 Accepted
[Tue Aug  4 12:16:42 2026] [::1]:62348 [200]: GET /api/user
[Tue Aug  4 12:16:42 2026] [::1]:62348 Closing
[Tue Aug  4 12:16:43 2026] [::1]:61536 Accepted
[Tue Aug  4 12:16:43 2026] [::1]:61536 [200]: GET /api/user
[Tue Aug  4 12:16:43 2026] [::1]:61536 Closing
[Tue Aug  4 12:16:46 2026] [::1]:57504 Accepted
[Tue Aug  4 12:16:46 2026] [::1]:57504 [200]: GET /api/user
[Tue Aug  4 12:16:46 2026] [::1]:57504 Closing
[Tue Aug  4 12:16:46 2026] [::1]:58819 Accepted
[Tue Aug  4 12:16:46 2026] [::1]:58819 [200]: GET /api/stats
[Tue Aug  4 12:16:46 2026] [::1]:58819 Closing
[Tue Aug  4 12:16:46 2026] [::1]:52556 Accepted
[Tue Aug  4 12:16:46 2026] [::1]:52556 [200]: GET /api/v2/comment?per=10&next=0&lang=en
[Tue Aug  4 12:16:46 2026] [::1]:52556 Closing
[Tue Aug  4 12:16:47 2026] [::1]:56665 Accepted
[Tue Aug  4 12:16:47 2026] [::1]:56665 [200]: GET /api/user
[Tue Aug  4 12:16:47 2026] [::1]:56665 Closing
[Tue Aug  4 12:17:23 2026] [::1]:53292 Accepted
[Tue Aug  4 12:17:23 2026] [::1]:53292 [401]: POST /api/session
[Tue Aug  4 12:17:23 2026] [::1]:53292 Closing
[Tue Aug  4 12:17:30 2026] [::1]:50112 Accepted
[Tue Aug  4 12:17:30 2026] [::1]:50112 [200]: POST /api/session
[Tue Aug  4 12:17:30 2026] [::1]:50112 Closing
[Tue Aug  4 12:17:31 2026] [::1]:49502 Accepted
[Tue Aug  4 12:17:31 2026] [::1]:49502 [200]: GET /api/user
[Tue Aug  4 12:17:31 2026] [::1]:49502 Closing
[Tue Aug  4 12:17:31 2026] [::1]:57458 Accepted
[Tue Aug  4 12:17:31 2026] [::1]:49977 Accepted
[Tue Aug  4 12:17:31 2026] [::1]:57458 [200]: GET /api/stats
[Tue Aug  4 12:17:31 2026] [::1]:57458 Closing
[Tue Aug  4 12:17:31 2026] [::1]:49977 [200]: GET /api/v2/comment?per=10&next=0&lang=en
[Tue Aug  4 12:17:31 2026] [::1]:49977 Closing
[Tue Aug  4 12:18:39 2026] [::1]:59754 Accepted
[Tue Aug  4 12:18:39 2026] [::1]:59754 [200]: GET /api/v2/config
[Tue Aug  4 12:18:39 2026] [::1]:59754 Closing
[Tue Aug  4 12:18:39 2026] [::1]:57258 Accepted
[Tue Aug  4 12:18:39 2026] [::1]:57258 [200]: GET /api/v2/comment?per=10&next=0&lang=en
[Tue Aug  4 12:18:39 2026] [::1]:57258 Closing
[Tue Aug  4 12:34:28 2026] [::1]:50976 Accepted
[Tue Aug  4 12:34:28 2026] [::1]:50976 [204]: OPTIONS /api/comment/ae8a7937-93ac-44ee-9800-839b48057f20
[Tue Aug  4 12:34:28 2026] [::1]:50976 Closing
[Tue Aug  4 12:34:28 2026] [::1]:62310 Accepted
[Tue Aug  4 12:34:28 2026] [::1]:62310 [201]: POST /api/comment/ae8a7937-93ac-44ee-9800-839b48057f20
[Tue Aug  4 12:34:28 2026] [::1]:62310 Closing
[Tue Aug  4 12:34:39 2026] [::1]:49208 Accepted
[Tue Aug  4 12:34:39 2026] [::1]:49208 [200]: GET /api/v2/comment?per=10&next=0&lang=en
[Tue Aug  4 12:34:39 2026] [::1]:49208 Closing
[Tue Aug  4 12:40:05 2026] [::1]:51119 Accepted
[Tue Aug  4 12:40:05 2026] [::1]:51119 [200]: POST /api/session
[Tue Aug  4 12:40:05 2026] [::1]:51119 Closing
[Tue Aug  4 12:40:06 2026] [::1]:61382 Accepted
[Tue Aug  4 12:40:06 2026] [::1]:61382 [200]: GET /api/user
[Tue Aug  4 12:40:06 2026] [::1]:61382 Closing
[Tue Aug  4 12:40:06 2026] [::1]:56513 Accepted
[Tue Aug  4 12:40:06 2026] [::1]:58275 Accepted
[Tue Aug  4 12:40:06 2026] [::1]:56513 [200]: GET /api/stats
[Tue Aug  4 12:40:06 2026] [::1]:56513 Closing
[Tue Aug  4 12:40:06 2026] [::1]:58275 [200]: GET /api/v2/comment?per=10&next=0&lang=en
[Tue Aug  4 12:40:06 2026] [::1]:58275 Closing
[Tue Aug  4 12:41:05 2026] [::1]:64783 Accepted
[Tue Aug  4 12:41:05 2026] [::1]:64783 [200]: GET /api/v2/config
[Tue Aug  4 12:41:05 2026] [::1]:64783 Closing
[Tue Aug  4 12:41:05 2026] [::1]:53687 Accepted
[Tue Aug  4 12:41:06 2026] [::1]:53687 [200]: GET /api/v2/comment?per=10&next=0&lang=en
[Tue Aug  4 12:41:06 2026] [::1]:53687 Closing
[Tue Aug  4 12:41:35 2026] [::1]:61830 Accepted
[Tue Aug  4 12:41:35 2026] [::1]:61830 [201]: POST /api/comment?lang=en
[Tue Aug  4 12:41:35 2026] [::1]:61830 Closing
[Tue Aug  4 12:42:04 2026] [::1]:50190 Accepted
[Tue Aug  4 12:42:04 2026] [::1]:50190 [200]: POST /api/session
[Tue Aug  4 12:42:04 2026] [::1]:50190 Closing
[Tue Aug  4 12:42:04 2026] [::1]:62408 Accepted
[Tue Aug  4 12:42:04 2026] [::1]:62408 [200]: GET /api/user
[Tue Aug  4 12:42:04 2026] [::1]:62408 Closing
[Tue Aug  4 12:42:04 2026] [::1]:65075 Accepted
[Tue Aug  4 12:42:04 2026] [::1]:50274 Accepted
[Tue Aug  4 12:42:04 2026] [::1]:65075 [200]: GET /api/stats
[Tue Aug  4 12:42:04 2026] [::1]:65075 Closing
[Tue Aug  4 12:42:04 2026] [::1]:50274 [200]: GET /api/v2/comment?per=10&next=0&lang=en
[Tue Aug  4 12:42:04 2026] [::1]:50274 Closing
[Tue Aug  4 12:49:44 2026] [::1]:52898 Accepted
[Tue Aug  4 12:49:44 2026] [::1]:52898 [200]: GET /api/user
[Tue Aug  4 12:49:44 2026] [::1]:52898 Closing
[Tue Aug  4 12:49:44 2026] [::1]:49702 Accepted
[Tue Aug  4 12:49:44 2026] [::1]:49702 [200]: GET /api/stats
[Tue Aug  4 12:49:44 2026] [::1]:49702 Closing
[Tue Aug  4 12:49:44 2026] [::1]:54518 Accepted
[Tue Aug  4 12:49:44 2026] [::1]:54518 [200]: GET /api/v2/comment?per=10&next=0&lang=en
[Tue Aug  4 12:49:44 2026] [::1]:54518 Closing
[Tue Aug  4 12:50:24 2026] [::1]:55229 Accepted
[Tue Aug  4 12:50:24 2026] [::1]:55229 [200]: GET /api/v2/config
[Tue Aug  4 12:50:24 2026] [::1]:55229 Closing
[Tue Aug  4 12:50:24 2026] [::1]:50987 Accepted
[Tue Aug  4 12:50:24 2026] [::1]:50987 [200]: GET /api/v2/comment?per=10&next=0&lang=en
[Tue Aug  4 12:50:24 2026] [::1]:50987 Closing
[Tue Aug  4 12:50:48 2026] [::1]:52822 Accepted
[Tue Aug  4 12:50:48 2026] [::1]:52822 [201]: POST /api/comment?lang=en
[Tue Aug  4 12:50:48 2026] [::1]:52822 Closing
[Tue Aug  4 12:51:19 2026] [::1]:54456 Accepted
[Tue Aug  4 12:51:19 2026] [::1]:54456 [200]: POST /api/session
[Tue Aug  4 12:51:19 2026] [::1]:54456 Closing
[Tue Aug  4 12:51:19 2026] [::1]:56822 Accepted
[Tue Aug  4 12:51:20 2026] [::1]:56822 [200]: GET /api/user
[Tue Aug  4 12:51:20 2026] [::1]:56822 Closing
[Tue Aug  4 12:51:20 2026] [::1]:58561 Accepted
[Tue Aug  4 12:51:20 2026] [::1]:54550 Accepted
[Tue Aug  4 12:51:20 2026] [::1]:58561 [200]: GET /api/stats
[Tue Aug  4 12:51:20 2026] [::1]:58561 Closing
[Tue Aug  4 12:51:20 2026] [::1]:54550 [200]: GET /api/v2/comment?per=10&next=0&lang=en
[Tue Aug  4 12:51:20 2026] [::1]:54550 Closing
[Tue Aug  4 12:56:20 2026] [::1]:53015 Accepted
[Tue Aug  4 12:56:20 2026] [::1]:53015 [400]: GET /api/user
[Tue Aug  4 12:56:20 2026] [::1]:53015 Closing
[Tue Aug  4 12:56:35 2026] [::1]:56596 Accepted
[Tue Aug  4 12:56:35 2026] [::1]:56596 [401]: POST /api/session
[Tue Aug  4 12:56:35 2026] [::1]:56596 Closing
[Tue Aug  4 13:09:01 2026] [::1]:52388 Accepted
[Tue Aug  4 13:09:01 2026] [::1]:52388 [201]: POST /api/owner/register
[Tue Aug  4 13:09:01 2026] [::1]:52388 Closing
[Tue Aug  4 13:09:19 2026] [::1]:52389 Accepted
[Tue Aug  4 13:09:20 2026] [::1]:52389 [200]: POST /api/session
[Tue Aug  4 13:09:20 2026] [::1]:52389 Closing
[Tue Aug  4 13:09:20 2026] [::1]:52390 Accepted
[Tue Aug  4 13:09:20 2026] [::1]:52390 [200]: GET /api/owner/clients
[Tue Aug  4 13:09:20 2026] [::1]:52390 Closing
[Tue Aug  4 13:09:26 2026] [::1]:52391 Accepted
[Tue Aug  4 13:09:26 2026] [::1]:52391 [200]: GET /api/v2/config
[Tue Aug  4 13:09:26 2026] [::1]:52391 Closing
[Tue Aug  4 13:09:28 2026] [::1]:52392 Accepted
[Tue Aug  4 13:09:28 2026] [::1]:52392 [200]: GET /api/stats
[Tue Aug  4 13:09:28 2026] [::1]:52392 Closing
[Tue Aug  4 13:11:39 2026] [::1]:60973 Accepted
[Tue Aug  4 13:11:39 2026] [::1]:60973 [201]: POST /api/comment
[Tue Aug  4 13:11:39 2026] [::1]:60973 Closing
[Tue Aug  4 13:11:45 2026] [::1]:60974 Accepted
[Tue Aug  4 13:11:46 2026] [::1]:60974 [201]: POST /api/comment/543c3b3c-c67b-4cf0-ac39-e2b92fb9726f
[Tue Aug  4 13:11:46 2026] [::1]:60974 Closing
[Tue Aug  4 13:11:52 2026] [::1]:60975 Accepted
[Tue Aug  4 13:11:52 2026] [::1]:60975 [200]: GET /api/stats
[Tue Aug  4 13:11:52 2026] [::1]:60975 Closing
[Tue Aug  4 13:11:53 2026] [::1]:60976 Accepted
[Tue Aug  4 13:11:53 2026] [::1]:60976 [200]: GET /api/v2/comment?per=10
[Tue Aug  4 13:11:53 2026] [::1]:60976 Closing
[Tue Aug  4 13:11:59 2026] [::1]:60977 Accepted
[Tue Aug  4 13:11:59 2026] [::1]:60977 [404]: DELETE /api/comment/543c3b3c-c67b-4cf0-ac39-e2b92fb9726f
[Tue Aug  4 13:11:59 2026] [::1]:60977 Closing
[Tue Aug  4 13:12:32 2026] [::1]:55115 Accepted
[Tue Aug  4 13:12:32 2026] [::1]:55115 [200]: DELETE /api/comment/32e65080-b770-4fbe-96ba-20e8e0a5e6c7
[Tue Aug  4 13:12:32 2026] [::1]:55115 Closing
[Tue Aug  4 13:12:37 2026] [::1]:55116 Accepted
[Tue Aug  4 13:12:37 2026] [::1]:55116 [200]: GET /api/stats
[Tue Aug  4 13:12:37 2026] [::1]:55116 Closing
[Tue Aug  4 13:16:37 2026] [::1]:61986 Accepted
[Tue Aug  4 13:16:37 2026] [::1]:61986 [204]: OPTIONS /api/owner/clients
[Tue Aug  4 13:16:37 2026] [::1]:61986 Closing
[Tue Aug  4 13:16:37 2026] [::1]:49573 Accepted
[Tue Aug  4 13:16:37 2026] [::1]:49573 [200]: GET /api/owner/clients
[Tue Aug  4 13:16:37 2026] [::1]:49573 Closing
[Tue Aug  4 13:16:52 2026] [::1]:60160 Accepted
[Tue Aug  4 13:16:52 2026] [::1]:60160 [204]: OPTIONS /api/session
[Tue Aug  4 13:16:52 2026] [::1]:60160 Closing
[Tue Aug  4 13:16:52 2026] [::1]:52867 Accepted
[Tue Aug  4 13:16:52 2026] [::1]:52867 [200]: POST /api/session
[Tue Aug  4 13:16:52 2026] [::1]:52867 Closing
[Tue Aug  4 13:16:52 2026] [::1]:60605 Accepted
[Tue Aug  4 13:16:52 2026] [::1]:60605 [204]: OPTIONS /api/user
[Tue Aug  4 13:16:52 2026] [::1]:60605 Closing
[Tue Aug  4 13:16:52 2026] [::1]:57116 Accepted
[Tue Aug  4 13:16:52 2026] [::1]:57116 [200]: GET /api/user
[Tue Aug  4 13:16:52 2026] [::1]:57116 Closing
[Tue Aug  4 13:16:52 2026] [::1]:61217 Accepted
[Tue Aug  4 13:16:53 2026] [::1]:61217 [204]: OPTIONS /api/stats
[Tue Aug  4 13:16:53 2026] [::1]:61217 Closing
[Tue Aug  4 13:16:53 2026] [::1]:53455 Accepted
[Tue Aug  4 13:16:53 2026] [::1]:53455 [204]: OPTIONS /api/v2/comment?per=10&next=0&lang=en
[Tue Aug  4 13:16:53 2026] [::1]:53455 Closing
[Tue Aug  4 13:16:53 2026] [::1]:57573 Accepted
[Tue Aug  4 13:16:53 2026] [::1]:57573 [200]: GET /api/stats
[Tue Aug  4 13:16:53 2026] [::1]:57573 Closing
[Tue Aug  4 13:16:53 2026] [::1]:59515 Accepted
[Tue Aug  4 13:16:53 2026] [::1]:59515 [200]: GET /api/v2/comment?per=10&next=0&lang=en
[Tue Aug  4 13:16:53 2026] [::1]:59515 Closing
[Tue Aug  4 13:17:41 2026] [::1]:59439 Accepted
[Tue Aug  4 13:17:42 2026] [::1]:59439 [204]: OPTIONS /api/v2/config
[Tue Aug  4 13:17:42 2026] [::1]:59439 Closing
[Tue Aug  4 13:17:42 2026] [::1]:64408 Accepted
[Tue Aug  4 13:17:42 2026] [::1]:64408 [200]: GET /api/v2/config
[Tue Aug  4 13:17:42 2026] [::1]:64408 Closing
[Tue Aug  4 13:17:42 2026] [::1]:63211 Accepted
[Tue Aug  4 13:17:42 2026] [::1]:63211 [200]: GET /api/v2/comment?per=10&next=0&lang=en
[Tue Aug  4 13:17:42 2026] [::1]:63211 Closing
[Tue Aug  4 13:18:04 2026] [::1]:65444 Accepted
[Tue Aug  4 13:18:04 2026] [::1]:65444 [204]: OPTIONS /api/comment?lang=en
[Tue Aug  4 13:18:04 2026] [::1]:65444 Closing
[Tue Aug  4 13:18:04 2026] [::1]:60542 Accepted
[Tue Aug  4 13:18:04 2026] [::1]:60542 [201]: POST /api/comment?lang=en
[Tue Aug  4 13:18:04 2026] [::1]:60542 Closing
[Tue Aug  4 13:18:22 2026] [::1]:64563 Accepted
[Tue Aug  4 13:18:22 2026] [::1]:64563 [200]: POST /api/session
[Tue Aug  4 13:18:22 2026] [::1]:64563 Closing
[Tue Aug  4 13:18:22 2026] [::1]:60541 Accepted
[Tue Aug  4 13:18:22 2026] [::1]:60541 [200]: GET /api/user
[Tue Aug  4 13:18:22 2026] [::1]:60541 Closing
[Tue Aug  4 13:18:22 2026] [::1]:60966 Accepted
[Tue Aug  4 13:18:22 2026] [::1]:58110 Accepted
[Tue Aug  4 13:18:22 2026] [::1]:60966 [200]: GET /api/stats
[Tue Aug  4 13:18:22 2026] [::1]:60966 Closing
[Tue Aug  4 13:18:22 2026] [::1]:58110 [200]: GET /api/v2/comment?per=10&next=0&lang=en
[Tue Aug  4 13:18:22 2026] [::1]:58110 Closing
